/work/project/s3c6410/OK6410-A-1G用户光盘（A）20151207/Linux-3.0.1/kernel_sourcecode/linux-3.0.1/Makefile:550: xxxxxxxxxxxxxxxxxxx
/work/project/s3c6410/OK6410-A-1G用户光盘（A）20151207/Linux-3.0.1/kernel_sourcecode/linux-3.0.1/Makefile:503: build=-f /work/project/s3c6410/OK6410-A-1G用户光盘（A）20151207/Linux-3.0.1/kernel_sourcecode/linux-3.0.1/scripts/Makefile.build obj
  HOSTCC  scripts/basic/fixdep
  GEN     /work/project/s3c6410/OK6410-A-1G用户光盘（A）20151207/Linux-3.0.1/kernel_sourcecode/linux-3.0.1/OUT/Makefile
  HOSTCC  scripts/kconfig/conf.o
  SHIPPED scripts/kconfig/zconf.tab.c
  SHIPPED scripts/kconfig/lex.zconf.c
  SHIPPED scripts/kconfig/zconf.hash.c
  HOSTCC  scripts/kconfig/zconf.tab.o
  HOSTLD  scripts/kconfig/conf
scripts/kconfig/conf --silentoldconfig Kconfig
drivers/net/wireless/Kconfig_wifi:4:warning: prompt redefined
warning: (ARCH_LPC32XX && ARCH_S3C64XX && ARCH_TCC8K) selects USB_ARCH_HAS_OHCI which has unmet direct dependencies (USB_SUPPORT)
warning: (MEDIA_TUNER && VIDEO_CX23885 && VIDEO_AU0828 && VIDEO_CX231XX_DVB && DVB_USB_DIB0700 && VIDEO_TM6000) selects MEDIA_TUNER_XC5000 which has unmet direct dependencies (MEDIA_SUPPORT && MEDIA_TUNER_CUSTOMISE && VIDEO_MEDIA && I2C)
warning: (MEDIA_TUNER && VIDEO_SAA7134_DVB && VIDEO_CX23885 && VIDEO_PVRUSB2_DVB) selects MEDIA_TUNER_TDA8290 which has unmet direct dependencies (MEDIA_SUPPORT && MEDIA_TUNER_CUSTOMISE && VIDEO_MEDIA && I2C)
warning: (MEDIA_TUNER) selects MEDIA_TUNER_TEA5767 which has unmet direct dependencies (MEDIA_SUPPORT && MEDIA_TUNER_CUSTOMISE && VIDEO_MEDIA && I2C)
warning: (MEDIA_TUNER && VIDEO_SAA7134_DVB && VIDEO_CX88_DVB && VIDEO_PVRUSB2_DVB && DVB_USB_CXUSB && DVB_USB_M920X && DVB_B2C2_FLEXCOP && DVB_BT8XX) selects MEDIA_TUNER_SIMPLE which has unmet direct dependencies (MEDIA_SUPPORT && MEDIA_TUNER_CUSTOMISE && VIDEO_MEDIA && I2C)
warning: (MEDIA_TUNER) selects MEDIA_TUNER_TDA9887 which has unmet direct dependencies (MEDIA_SUPPORT && MEDIA_TUNER_CUSTOMISE && VIDEO_MEDIA && I2C)
warning: (MEDIA_TUNER && VIDEO_CX23885 && DVB_USB_DIB0700 && DVB_USB_CXUSB && VIDEO_TM6000) selects MEDIA_TUNER_XC2028 which has unmet direct dependencies (MEDIA_SUPPORT && MEDIA_TUNER_CUSTOMISE && VIDEO_MEDIA && I2C)
warning: (PLAT_S3C64XX) selects SAMSUNG_WAKEMASK which has unmet direct dependencies (PLAT_SAMSUNG && PM)
warning: (MEDIA_TUNER) selects MEDIA_TUNER_MT20XX which has unmet direct dependencies (MEDIA_SUPPORT && MEDIA_TUNER_CUSTOMISE && VIDEO_MEDIA && I2C)
warning: (MEDIA_TUNER && DVB_USB_AF9015) selects MEDIA_TUNER_MC44S803 which has unmet direct dependencies (MEDIA_SUPPORT && MEDIA_TUNER_CUSTOMISE && VIDEO_MEDIA && I2C)
warning: (MEDIA_TUNER) selects MEDIA_TUNER_TEA5761 which has unmet direct dependencies (MEDIA_SUPPORT && MEDIA_TUNER_CUSTOMISE && VIDEO_MEDIA && I2C && EXPERIMENTAL)
warning: (ARCH_LPC32XX && ARCH_S3C64XX && ARCH_TCC8K) selects USB_ARCH_HAS_OHCI which has unmet direct dependencies (USB_SUPPORT)
warning: (MEDIA_TUNER && VIDEO_CX23885 && VIDEO_AU0828 && VIDEO_CX231XX_DVB && DVB_USB_DIB0700 && VIDEO_TM6000) selects MEDIA_TUNER_XC5000 which has unmet direct dependencies (MEDIA_SUPPORT && MEDIA_TUNER_CUSTOMISE && VIDEO_MEDIA && I2C)
warning: (MEDIA_TUNER && VIDEO_SAA7134_DVB && VIDEO_CX23885 && VIDEO_PVRUSB2_DVB) selects MEDIA_TUNER_TDA8290 which has unmet direct dependencies (MEDIA_SUPPORT && MEDIA_TUNER_CUSTOMISE && VIDEO_MEDIA && I2C)
warning: (MEDIA_TUNER) selects MEDIA_TUNER_TEA5767 which has unmet direct dependencies (MEDIA_SUPPORT && MEDIA_TUNER_CUSTOMISE && VIDEO_MEDIA && I2C)
warning: (MEDIA_TUNER && VIDEO_SAA7134_DVB && VIDEO_CX88_DVB && VIDEO_PVRUSB2_DVB && DVB_USB_CXUSB && DVB_USB_M920X && DVB_B2C2_FLEXCOP && DVB_BT8XX) selects MEDIA_TUNER_SIMPLE which has unmet direct dependencies (MEDIA_SUPPORT && MEDIA_TUNER_CUSTOMISE && VIDEO_MEDIA && I2C)
warning: (MEDIA_TUNER) selects MEDIA_TUNER_TDA9887 which has unmet direct dependencies (MEDIA_SUPPORT && MEDIA_TUNER_CUSTOMISE && VIDEO_MEDIA && I2C)
warning: (MEDIA_TUNER && VIDEO_CX23885 && DVB_USB_DIB0700 && DVB_USB_CXUSB && VIDEO_TM6000) selects MEDIA_TUNER_XC2028 which has unmet direct dependencies (MEDIA_SUPPORT && MEDIA_TUNER_CUSTOMISE && VIDEO_MEDIA && I2C)
warning: (PLAT_S3C64XX) selects SAMSUNG_WAKEMASK which has unmet direct dependencies (PLAT_SAMSUNG && PM)
warning: (MEDIA_TUNER) selects MEDIA_TUNER_MT20XX which has unmet direct dependencies (MEDIA_SUPPORT && MEDIA_TUNER_CUSTOMISE && VIDEO_MEDIA && I2C)
warning: (MEDIA_TUNER && DVB_USB_AF9015) selects MEDIA_TUNER_MC44S803 which has unmet direct dependencies (MEDIA_SUPPORT && MEDIA_TUNER_CUSTOMISE && VIDEO_MEDIA && I2C)
warning: (MEDIA_TUNER) selects MEDIA_TUNER_TEA5761 which has unmet direct dependencies (MEDIA_SUPPORT && MEDIA_TUNER_CUSTOMISE && VIDEO_MEDIA && I2C && EXPERIMENTAL)
  Using /work/project/s3c6410/OK6410-A-1G用户光盘（A）20151207/Linux-3.0.1/kernel_sourcecode/linux-3.0.1 as source for kernel
  GEN     /work/project/s3c6410/OK6410-A-1G用户光盘（A）20151207/Linux-3.0.1/kernel_sourcecode/linux-3.0.1/OUT/Makefile
  CHK     include/linux/version.h
  UPD     include/linux/version.h
  CHK     include/generated/utsrelease.h
  UPD     include/generated/utsrelease.h
  Generating include/generated/mach-types.h
  CC      kernel/bounds.s
  GEN     include/generated/bounds.h
  CC      arch/arm/kernel/asm-offsets.s
  GEN     include/generated/asm-offsets.h
  CALL    /work/project/s3c6410/OK6410-A-1G用户光盘（A）20151207/Linux-3.0.1/kernel_sourcecode/linux-3.0.1/scripts/checksyscalls.sh
  CC      scripts/mod/empty.o
  HOSTCC  scripts/mod/mk_elfconfig
  MKELF   scripts/mod/elfconfig.h
  HOSTCC  scripts/mod/file2alias.o
  HOSTCC  scripts/mod/modpost.o
  HOSTCC  scripts/mod/sumversion.o
  HOSTLD  scripts/mod/modpost
  HOSTCC  scripts/kallsyms
  HOSTCC  scripts/conmakehash
  CC      init/main.o
  CHK     include/generated/compile.h
  UPD     include/generated/compile.h
  CC      init/version.o
  CC      init/do_mounts.o
  CC      init/do_mounts_rd.o
  CC      init/do_mounts_initrd.o
  LD      init/mounts.o
  CC      init/initramfs.o
  CC      init/calibrate.o
  LD      init/built-in.o
  HOSTCC  usr/gen_init_cpio
  GEN     usr/initramfs_data.cpio.gz
  AS      usr/initramfs_data.o
  LD      usr/built-in.o
  CC      arch/arm/kernel/elf.o
  AS      arch/arm/kernel/entry-armv.o
  AS      arch/arm/kernel/entry-common.o
  CC      arch/arm/kernel/irq.o
  CC      arch/arm/kernel/process.o
  CC      arch/arm/kernel/ptrace.o
  CC      arch/arm/kernel/return_address.o
/work/project/s3c6410/OK6410-A-1G用户光盘（A）20151207/Linux-3.0.1/kernel_sourcecode/linux-3.0.1/arch/arm/kernel/return_address.c:62:2: warning: #warning "TODO: return_address should use unwind tables"
  CC      arch/arm/kernel/setup.o
  CC      arch/arm/kernel/signal.o
  CC      arch/arm/kernel/sys_arm.o
  CC      arch/arm/kernel/stacktrace.o
  CC      arch/arm/kernel/time.o
  CC      arch/arm/kernel/traps.o
  CC      arch/arm/kernel/armksyms.o
  CC      arch/arm/kernel/module.o
  CC      arch/arm/kernel/machine_kexec.o
  AS      arch/arm/kernel/relocate_kernel.o
  CC      arch/arm/kernel/kprobes.o
  CC      arch/arm/kernel/kprobes-decode.o
  CC      arch/arm/kernel/atags.o
  CC      arch/arm/kernel/sys_oabi-compat.o
  CC      arch/arm/kernel/unwind.o
  CC      arch/arm/kernel/hw_breakpoint.o
  CC      arch/arm/kernel/pmu.o
  CC      arch/arm/kernel/perf_event.o
  CC      arch/arm/kernel/io.o
  AS      arch/arm/kernel/debug.o
  LD      arch/arm/kernel/built-in.o
  AS      arch/arm/kernel/head.o
  CC      arch/arm/kernel/init_task.o
  LDS     arch/arm/kernel/vmlinux.lds
  CC      arch/arm/mm/dma-mapping.o
  CC      arch/arm/mm/extable.o
  CC      arch/arm/mm/fault.o
  CC      arch/arm/mm/init.o
  CC      arch/arm/mm/iomap.o
  CC      arch/arm/mm/fault-armv.o
  CC      arch/arm/mm/flush.o
  CC      arch/arm/mm/idmap.o
  CC      arch/arm/mm/ioremap.o
  CC      arch/arm/mm/mmap.o
  CC      arch/arm/mm/pgd.o
  CC      arch/arm/mm/mmu.o
  CC      arch/arm/mm/vmregion.o
  CC      arch/arm/mm/proc-syms.o
  CC      arch/arm/mm/alignment.o
  CC      arch/arm/mm/highmem.o
  AS      arch/arm/mm/abort-ev6.o
  AS      arch/arm/mm/pabort-v6.o
  AS      arch/arm/mm/cache-v6.o
  CC      arch/arm/mm/copypage-v6.o
  CC      arch/arm/mm/context.o
  AS      arch/arm/mm/tlb-v6.o
  AS      arch/arm/mm/proc-v6.o
  LD      arch/arm/mm/built-in.o
  CC      arch/arm/common/vic.o
  LD      arch/arm/common/built-in.o
  CC      arch/arm/mach-s3c64xx/cpu.o
  CC      arch/arm/mach-s3c64xx/clock.o
/work/project/s3c6410/OK6410-A-1G用户光盘（A）20151207/Linux-3.0.1/kernel_sourcecode/linux-3.0.1/arch/arm/mach-s3c64xx/clock.c:674: warning: 'clkset_camif' defined but not used
  CC      arch/arm/mach-s3c64xx/gpiolib.o
  CC      arch/arm/mach-s3c64xx/s3c6410.o
  CC      arch/arm/mach-s3c64xx/irq.o
  CC      arch/arm/mach-s3c64xx/irq-eint.o
  CC      arch/arm/mach-s3c64xx/dma.o
  CC      arch/arm/mach-s3c64xx/setup-i2c0.o
  CC      arch/arm/mach-s3c64xx/setup-i2c1.o
  CC      arch/arm/mach-s3c64xx/setup-ide.o
  CC      arch/arm/mach-s3c64xx/setup-keypad.o
/work/project/s3c6410/OK6410-A-1G用户光盘（A）20151207/Linux-3.0.1/kernel_sourcecode/linux-3.0.1/arch/arm/mach-s3c64xx/setup-keypad.c:35: warning: data definition has no type or storage class
/work/project/s3c6410/OK6410-A-1G用户光盘（A）20151207/Linux-3.0.1/kernel_sourcecode/linux-3.0.1/arch/arm/mach-s3c64xx/setup-keypad.c:35: warning: type defaults to 'int' in declaration of 'EXPORT_SYMBOL'
/work/project/s3c6410/OK6410-A-1G用户光盘（A）20151207/Linux-3.0.1/kernel_sourcecode/linux-3.0.1/arch/arm/mach-s3c64xx/setup-keypad.c:35: warning: parameter names (without types) in function declaration
  CC      arch/arm/mach-s3c64xx/setup-sdhci.o
  CC      arch/arm/mach-s3c64xx/setup-fb-24bpp.o
  CC      arch/arm/mach-s3c64xx/setup-sdhci-gpio.o
  CC      arch/arm/mach-s3c64xx/mach-smdk6410.o
/work/project/s3c6410/OK6410-A-1G用户光盘（A）20151207/Linux-3.0.1/kernel_sourcecode/linux-3.0.1/arch/arm/mach-s3c64xx/mach-smdk6410.c:268: warning: 'smdk6410_lcd_powerdev' defined but not used
/work/project/s3c6410/OK6410-A-1G用户光盘（A）20151207/Linux-3.0.1/kernel_sourcecode/linux-3.0.1/arch/arm/mach-s3c64xx/mach-smdk6410.c:405: warning: 'smdk6410_smsc911x' defined but not used
/work/project/s3c6410/OK6410-A-1G用户光盘（A）20151207/Linux-3.0.1/kernel_sourcecode/linux-3.0.1/arch/arm/mach-s3c64xx/mach-smdk6410.c:456: warning: 'smdk6410_ide_pdata' defined but not used
/work/project/s3c6410/OK6410-A-1G用户光盘（A）20151207/Linux-3.0.1/kernel_sourcecode/linux-3.0.1/arch/arm/mach-s3c64xx/mach-smdk6410.c:491: warning: 'smdk6410_backlight_device' defined but not used
  CC      arch/arm/mach-s3c64xx/dev-uart.o
  CC      arch/arm/mach-s3c64xx/dev-audio.o
  CC      arch/arm/mach-s3c64xx/dev-spi.o
  CC      arch/arm/mach-s3c64xx/dev-ts.o
  LD      arch/arm/mach-s3c64xx/built-in.o
  CC      arch/arm/plat-samsung/init.o
  CC      arch/arm/plat-samsung/time.o
  CC      arch/arm/plat-samsung/clock.o
  CC      arch/arm/plat-samsung/pwm-clock.o
  CC      arch/arm/plat-samsung/gpio.o
  CC      arch/arm/plat-samsung/gpio-config.o
  CC      arch/arm/plat-samsung/dev-asocdma.o
  CC      arch/arm/plat-samsung/clock-clksrc.o
  CC      arch/arm/plat-samsung/irq-uart.o
  CC      arch/arm/plat-samsung/irq-vic-timer.o
  CC      arch/arm/plat-samsung/platformdata.o
  CC      arch/arm/plat-samsung/dev-hsmmc.o
  CC      arch/arm/plat-samsung/dev-hsmmc1.o
  CC      arch/arm/plat-samsung/dev-i2c0.o
  CC      arch/arm/plat-samsung/dev-i2c1.o
  CC      arch/arm/plat-samsung/dev-fb.o
  CC      arch/arm/plat-samsung/dev-uart.o
  CC      arch/arm/plat-samsung/dev-usb.o
  CC      arch/arm/plat-samsung/dev-usb-hsotg.o
  CC      arch/arm/plat-samsung/dev-wdt.o
  CC      arch/arm/plat-samsung/dev-nand.o
  CC      arch/arm/plat-samsung/dev-rtc.o
  CC      arch/arm/plat-samsung/dev-adc.o
  CC      arch/arm/plat-samsung/dev-ide.o
  CC      arch/arm/plat-samsung/dev-keypad.o
  CC      arch/arm/plat-samsung/bootmem.o
  CC      arch/arm/plat-samsung/dev-video.o
  CC      arch/arm/plat-samsung/dev-pwm.o
  CC      arch/arm/plat-samsung/dev-fimc0.o
  CC      arch/arm/plat-samsung/dev-fimc1.o
  CC      arch/arm/plat-samsung/setup-fimc0.o
  CC      arch/arm/plat-samsung/setup-fimc1.o
  CC      arch/arm/plat-samsung/dma.o
  CC      arch/arm/plat-samsung/wakeup-mask.o
  LD      arch/arm/plat-samsung/built-in.o
  CC      kernel/sched.o
  CC      kernel/fork.o
  CC      kernel/exec_domain.o
  CC      kernel/panic.o
  CC      kernel/printk.o
  CC      kernel/cpu.o
  CC      kernel/exit.o
  CC      kernel/itimer.o
  TIMEC   kernel/timeconst.h
  CC      kernel/time.o
  CC      kernel/softirq.o
  CC      kernel/resource.o
  CC      kernel/sysctl.o
  CC      kernel/sysctl_binary.o
  CC      kernel/capability.o
  CC      kernel/ptrace.o
  CC      kernel/timer.o
  CC      kernel/user.o
  CC      kernel/signal.o
  CC      kernel/sys.o
  CC      kernel/kmod.o
  CC      kernel/workqueue.o
  CC      kernel/pid.o
  CC      kernel/rcupdate.o
  CC      kernel/extable.o
  CC      kernel/params.o
  CC      kernel/posix-timers.o
  CC      kernel/kthread.o
  CC      kernel/wait.o
  CC      kernel/kfifo.o
  CC      kernel/sys_ni.o
  CC      kernel/posix-cpu-timers.o
  CC      kernel/mutex.o
  CC      kernel/hrtimer.o
  CC      kernel/rwsem.o
  CC      kernel/nsproxy.o
  CC      kernel/srcu.o
  CC      kernel/semaphore.o
  CC      kernel/notifier.o
  CC      kernel/ksysfs.o
  CC      kernel/pm_qos_params.o
  CC      kernel/sched_clock.o
  CC      kernel/cred.o
  CC      kernel/async.o
  CC      kernel/range.o
  CC      kernel/jump_label.o
  CC      kernel/groups.o
  CC      kernel/profile.o
  CC      kernel/sysctl_check.o
  CC      kernel/stacktrace.o
  CC      kernel/events/core.o
  CC      kernel/events/hw_breakpoint.o
  LD      kernel/events/built-in.o
  CC      kernel/irq/irqdesc.o
  CC      kernel/irq/handle.o
  CC      kernel/irq/manage.o
  CC      kernel/irq/spurious.o
  CC      kernel/irq/resend.o
  CC      kernel/irq/chip.o
  CC      kernel/irq/dummychip.o
  CC      kernel/irq/devres.o
  CC      kernel/irq/generic-chip.o
  CC      kernel/irq/autoprobe.o
  CC      kernel/irq/proc.o
  LD      kernel/irq/built-in.o
  CC      kernel/time/timekeeping.o
  CC      kernel/time/ntp.o
  CC      kernel/time/clocksource.o
  CC      kernel/time/jiffies.o
  CC      kernel/time/timer_list.o
  CC      kernel/time/timecompare.o
  CC      kernel/time/timeconv.o
  CC      kernel/time/posix-clock.o
  CC      kernel/time/alarmtimer.o
  CC      kernel/time/timer_stats.o
  LD      kernel/time/built-in.o
  CC      kernel/trace/trace_clock.o
  CC      kernel/trace/ring_buffer.o
  CC      kernel/trace/trace.o
  CC      kernel/trace/trace_output.o
  CC      kernel/trace/trace_stat.o
  CC      kernel/trace/trace_printk.o
  CC      kernel/trace/trace_sched_switch.o
  CC      kernel/trace/trace_nop.o
  CC      kernel/trace/blktrace.o
  CC      kernel/trace/trace_events.o
  CC      kernel/trace/trace_export.o
  CC      kernel/trace/trace_event_perf.o
  CC      kernel/trace/trace_events_filter.o
  CC      kernel/trace/trace_kprobe.o
  CC      kernel/trace/power-traces.o
  LD      kernel/trace/built-in.o
  CC      kernel/futex.o
  CC      kernel/rtmutex.o
  CC      kernel/up.o
  CC      kernel/uid16.o
  CC      kernel/module.o
  CC      kernel/kallsyms.o
  CC      kernel/kexec.o
  CC      kernel/audit.o
  CC      kernel/auditfilter.o
  CC      kernel/kprobes.o
  CC      kernel/hung_task.o
  CC      kernel/rcutiny.o
  CC      kernel/relay.o
  CC      kernel/utsname_sysctl.o
  CC      kernel/tracepoint.o
  CC      kernel/latencytop.o
  CC      kernel/elfcore.o
  CC      kernel/irq_work.o
  LD      kernel/built-in.o
  CC      mm/filemap.o
  CC      mm/mempool.o
  CC      mm/oom_kill.o
  CC      mm/fadvise.o
  CC      mm/maccess.o
  CC      mm/page_alloc.o
  CC      mm/page-writeback.o
  CC      mm/readahead.o
  CC      mm/swap.o
  CC      mm/truncate.o
  CC      mm/vmscan.o
  CC      mm/shmem.o
  CC      mm/prio_tree.o
  CC      mm/util.o
  CC      mm/mmzone.o
  CC      mm/vmstat.o
  CC      mm/backing-dev.o
  CC      mm/page_isolation.o
  CC      mm/mm_init.o
  CC      mm/mmu_context.o
  CC      mm/percpu.o
  CC      mm/fremap.o
  CC      mm/highmem.o
  CC      mm/madvise.o
  CC      mm/memory.o
  CC      mm/mincore.o
  CC      mm/mlock.o
  CC      mm/mmap.o
  CC      mm/mprotect.o
  CC      mm/mremap.o
  CC      mm/msync.o
  CC      mm/rmap.o
  CC      mm/vmalloc.o
  CC      mm/pagewalk.o
  CC      mm/pgtable-generic.o
  CC      mm/init-mm.o
  CC      mm/bootmem.o
  CC      mm/memblock.o
  CC      mm/bounce.o
  CC      mm/page_io.o
  CC      mm/swap_state.o
  CC      mm/swapfile.o
  CC      mm/thrash.o
  CC      mm/dmapool.o
  CC      mm/slab.o
  LD      mm/built-in.o
  CC      fs/open.o
  CC      fs/read_write.o
  CC      fs/file_table.o
  CC      fs/super.o
  CC      fs/char_dev.o
  CC      fs/stat.o
  CC      fs/exec.o
  CC      fs/pipe.o
  CC      fs/namei.o
  CC      fs/fcntl.o
  CC      fs/ioctl.o
  CC      fs/readdir.o
  CC      fs/select.o
  CC      fs/fifo.o
  CC      fs/dcache.o
  CC      fs/inode.o
  CC      fs/attr.o
  CC      fs/bad_inode.o
  CC      fs/file.o
  CC      fs/filesystems.o
  CC      fs/namespace.o
  CC      fs/seq_file.o
  CC      fs/xattr.o
  CC      fs/libfs.o
  CC      fs/fs-writeback.o
  CC      fs/pnode.o
  CC      fs/drop_caches.o
  CC      fs/splice.o
  CC      fs/sync.o
  CC      fs/utimes.o
  CC      fs/stack.o
  CC      fs/fs_struct.o
  CC      fs/statfs.o
  CC      fs/buffer.o
  CC      fs/bio.o
  CC      fs/block_dev.o
  CC      fs/direct-io.o
  CC      fs/mpage.o
  CC      fs/ioprio.o
  CC      fs/bio-integrity.o
  CC      fs/debugfs/inode.o
  CC      fs/debugfs/file.o
  LD      fs/debugfs/debugfs.o
  LD      fs/debugfs/built-in.o
  CC      fs/devpts/inode.o
  LD      fs/devpts/devpts.o
  LD      fs/devpts/built-in.o
  CC      fs/fat/cache.o
  CC      fs/fat/dir.o
  CC      fs/fat/fatent.o
  CC      fs/fat/file.o
  CC      fs/fat/inode.o
  CC      fs/fat/misc.o
  CC      fs/fat/namei_msdos.o
  CC      fs/fat/namei_vfat.o
  LD      fs/fat/fat.o
  LD      fs/fat/vfat.o
  LD      fs/fat/msdos.o
  LD      fs/fat/built-in.o
  CC      fs/nls/nls_base.o
  CC      fs/nls/nls_cp437.o
  CC      fs/nls/nls_cp936.o
  CC      fs/nls/nls_ascii.o
  CC      fs/nls/nls_iso8859-1.o
  CC      fs/nls/nls_utf8.o
  LD      fs/nls/built-in.o
  CC      fs/notify/fsnotify.o
  CC      fs/notify/notification.o
  CC      fs/notify/group.o
  CC      fs/notify/inode_mark.o
  CC      fs/notify/mark.o
  CC      fs/notify/vfsmount_mark.o
  CC      fs/notify/dnotify/dnotify.o
  LD      fs/notify/dnotify/built-in.o
  LD      fs/notify/fanotify/built-in.o
  CC      fs/notify/inotify/inotify_fsnotify.o
  CC      fs/notify/inotify/inotify_user.o
  LD      fs/notify/inotify/built-in.o
  LD      fs/notify/built-in.o
  CC      fs/partitions/check.o
  CC      fs/partitions/msdos.o
  LD      fs/partitions/built-in.o
  CC      fs/proc/mmu.o
  CC      fs/proc/task_mmu.o
  CC      fs/proc/inode.o
  CC      fs/proc/root.o
  CC      fs/proc/base.o
  CC      fs/proc/generic.o
  CC      fs/proc/array.o
  CC      fs/proc/proc_tty.o
  CC      fs/proc/cmdline.o
  CC      fs/proc/consoles.o
  CC      fs/proc/cpuinfo.o
  CC      fs/proc/devices.o
  CC      fs/proc/interrupts.o
  CC      fs/proc/loadavg.o
  CC      fs/proc/meminfo.o
  CC      fs/proc/stat.o
  CC      fs/proc/uptime.o
  CC      fs/proc/version.o
  CC      fs/proc/softirqs.o
  CC      fs/proc/namespaces.o
  CC      fs/proc/proc_sysctl.o
  CC      fs/proc/proc_net.o
  CC      fs/proc/kmsg.o
  CC      fs/proc/page.o
  LD      fs/proc/proc.o
  LD      fs/proc/built-in.o
  LD      fs/quota/built-in.o
  CC      fs/ramfs/inode.o
  CC      fs/ramfs/file-mmu.o
  LD      fs/ramfs/ramfs.o
  LD      fs/ramfs/built-in.o
  CC      fs/sysfs/inode.o
  CC      fs/sysfs/file.o
  CC      fs/sysfs/dir.o
  CC      fs/sysfs/symlink.o
  CC      fs/sysfs/mount.o
  CC      fs/sysfs/bin.o
  CC      fs/sysfs/group.o
  LD      fs/sysfs/built-in.o
  CC      fs/eventpoll.o
  CC      fs/anon_inodes.o
  CC      fs/signalfd.o
  CC      fs/timerfd.o
  CC      fs/eventfd.o
  CC      fs/aio.o
  CC      fs/locks.o
  CC      fs/binfmt_script.o
  CC      fs/binfmt_elf.o
  CC      fs/posix_acl.o
  CC      fs/xattr_acl.o
  CC      fs/generic_acl.o
  CC      fs/dcookies.o
  LD      fs/built-in.o
  CC      ipc/util.o
  CC      ipc/msgutil.o
  CC      ipc/msg.o
  CC      ipc/sem.o
  CC      ipc/shm.o
  CC      ipc/ipcns_notifier.o
  CC      ipc/syscall.o
  CC      ipc/ipc_sysctl.o
  LD      ipc/built-in.o
  CC      security/keys/gc.o
  CC      security/keys/key.o
  CC      security/keys/keyring.o
  CC      security/keys/keyctl.o
  CC      security/keys/permission.o
  CC      security/keys/process_keys.o
  CC      security/keys/request_key.o
  CC      security/keys/request_key_auth.o
  CC      security/keys/user_defined.o
  CC      security/keys/proc.o
  CC      security/keys/sysctl.o
  LD      security/keys/built-in.o
  CC      security/commoncap.o
  CC      security/min_addr.o
  CC      security/inode.o
  CC      security/lsm_audit.o
  LD      security/built-in.o
  CC      crypto/api.o
  CC      crypto/cipher.o
  CC      crypto/compress.o
  CC      crypto/algapi.o
  CC      crypto/scatterwalk.o
  CC      crypto/proc.o
  CC      crypto/ablkcipher.o
  CC      crypto/blkcipher.o
  CC      crypto/ahash.o
  CC      crypto/shash.o
  CC      crypto/algboss.o
  CC      crypto/testmgr.o
  LD      crypto/crypto.o
  CC      crypto/crypto_wq.o
  LD      crypto/crypto_algapi.o
  CC      crypto/aead.o
  LD      crypto/crypto_blkcipher.o
  CC      crypto/chainiv.o
  CC      crypto/eseqiv.o
  LD      crypto/crypto_hash.o
  CC      crypto/pcompress.o
  LD      crypto/cryptomgr.o
  CC      crypto/hmac.o
  CC      crypto/md5.o
  CC      crypto/sha1_generic.o
  CC      crypto/ecb.o
  CC      crypto/cbc.o
  CC      crypto/des_generic.o
  CC      crypto/aes_generic.o
  CC      crypto/arc4.o
  CC      crypto/michael_mic.o
  CC      crypto/crc32c.o
  CC      crypto/authenc.o
  CC      crypto/authencesn.o
  CC      crypto/rng.o
  CC      crypto/krng.o
  LD      crypto/built-in.o
  CC      block/elevator.o
  CC      block/blk-core.o
  CC      block/blk-tag.o
  CC      block/blk-sysfs.o
  CC      block/blk-flush.o
  CC      block/blk-settings.o
  CC      block/blk-ioc.o
  CC      block/blk-map.o
  CC      block/blk-exec.o
  CC      block/blk-merge.o
  CC      block/blk-softirq.o
  CC      block/blk-timeout.o
  CC      block/blk-iopoll.o
  CC      block/blk-lib.o
  CC      block/ioctl.o
  CC      block/genhd.o
  CC      block/scsi_ioctl.o
  CC      block/bsg.o
  CC      block/noop-iosched.o
  CC      block/deadline-iosched.o
  CC      block/cfq-iosched.o
  CC      block/blk-integrity.o
  LD      block/built-in.o
  LD      drivers/auxdisplay/built-in.o
  CC      drivers/base/core.o
  CC      drivers/base/sys.o
  CC      drivers/base/bus.o
  CC      drivers/base/dd.o
  CC      drivers/base/syscore.o
  CC      drivers/base/driver.o
  CC      drivers/base/class.o
  CC      drivers/base/platform.o
  CC      drivers/base/cpu.o
  CC      drivers/base/firmware.o
  CC      drivers/base/init.o
  CC      drivers/base/map.o
  CC      drivers/base/devres.o
  CC      drivers/base/attribute_container.o
  CC      drivers/base/transport_class.o
  CC      drivers/base/devtmpfs.o
  CC      drivers/base/power/clock_ops.o
  LD      drivers/base/power/built-in.o
  CC      drivers/base/dma-mapping.o
  CC      drivers/base/dma-coherent.o
  CC      drivers/base/firmware_class.o
  CC      drivers/base/module.o
  LD      drivers/base/built-in.o
  CC      drivers/block/brd.o
  LD      drivers/block/built-in.o
  LD      drivers/cdrom/built-in.o
  CC      drivers/char/mem.o
  CC      drivers/char/random.o
  CC      drivers/char/misc.o
  CC      drivers/char/forlinx6410_leds.o
  CC      drivers/char/forlinx6410_pwm.o
/work/project/s3c6410/OK6410-A-1G用户光盘（A）20151207/Linux-3.0.1/kernel_sourcecode/linux-3.0.1/drivers/char/forlinx6410_pwm.c: In function 'PWM_Set_Freq':
/work/project/s3c6410/OK6410-A-1G用户光盘（A）20151207/Linux-3.0.1/kernel_sourcecode/linux-3.0.1/drivers/char/forlinx6410_pwm.c:52: warning: format '%d' expects type 'int', but argument 2 has type 'long unsigned int'
  CC      drivers/char/forlinx6410_18b20.o
  CC      drivers/char/forlinx6410_hello_module.o
  CC      drivers/char/forlinx6410_485io.o
  LD      drivers/char/built-in.o
  LD      drivers/clk/built-in.o
  CC      drivers/connector/cn_queue.o
  CC      drivers/connector/connector.o
  LD      drivers/connector/cn.o
  CC      drivers/connector/cn_proc.o
  LD      drivers/connector/built-in.o
  LD      drivers/crypto/built-in.o
  LD      drivers/firewire/built-in.o
  LD      drivers/firmware/built-in.o
  CC      drivers/gpio/gpiolib.o
  CC      drivers/gpio/gpio-plat-samsung.o
  LD      drivers/gpio/built-in.o
  LD      drivers/gpu/drm/i2c/built-in.o
  LD      drivers/gpu/drm/built-in.o
  LD      drivers/gpu/stub/built-in.o
  LD      drivers/gpu/vga/built-in.o
  LD      drivers/gpu/built-in.o
  CC      drivers/i2c/i2c-boardinfo.o
  CC      drivers/i2c/i2c-core.o
  CC      drivers/i2c/i2c-dev.o
  LD      drivers/i2c/algos/built-in.o
  CC      drivers/i2c/busses/i2c-s3c2410.o
  LD      drivers/i2c/busses/built-in.o
  LD      drivers/i2c/muxes/built-in.o
  LD      drivers/i2c/built-in.o
  LD      drivers/idle/built-in.o
  LD      drivers/ieee802154/built-in.o
  CC      drivers/input/input.o
  CC      drivers/input/input-compat.o
  CC      drivers/input/input-mt.o
  CC      drivers/input/ff-core.o
  LD      drivers/input/input-core.o
  CC      drivers/input/mousedev.o
  CC      drivers/input/evdev.o
  CC      drivers/input/touchscreen/s3c-ts.o
  LD      drivers/input/touchscreen/built-in.o
  LD      drivers/input/built-in.o
  LD      drivers/input/gameport/built-in.o
  CC      drivers/input/serio/serio.o
  LD      drivers/input/serio/built-in.o
  CC      drivers/leds/led-core.o
  CC      drivers/leds/led-class.o
  CC      drivers/leds/led-triggers.o
  LD      drivers/leds/built-in.o
  LD      drivers/lguest/built-in.o
  LD      drivers/macintosh/built-in.o
  CC      drivers/media/common/tuners/tuner-xc2028.o
  CC      drivers/media/common/tuners/tuner-simple.o
  CC      drivers/media/common/tuners/tuner-types.o
  CC      drivers/media/common/tuners/mt20xx.o
  CC      drivers/media/common/tuners/tda8290.o
  CC      drivers/media/common/tuners/tea5767.o
  CC      drivers/media/common/tuners/tea5761.o
  CC      drivers/media/common/tuners/tda9887.o
  CC      drivers/media/common/tuners/xc5000.o
  CC      drivers/media/common/tuners/mc44s803.o
  LD      drivers/media/common/tuners/built-in.o
  LD      drivers/media/common/built-in.o
  LD      drivers/media/radio/built-in.o
  LD      drivers/media/rc/keymaps/built-in.o
  LD      drivers/media/rc/built-in.o
  CC      drivers/media/video/v4l2-dev.o
/work/project/s3c6410/OK6410-A-1G用户光盘（A）20151207/Linux-3.0.1/kernel_sourcecode/linux-3.0.1/drivers/media/video/v4l2-dev.c: In function 'v4l2_open':
/work/project/s3c6410/OK6410-A-1G用户光盘（A）20151207/Linux-3.0.1/kernel_sourcecode/linux-3.0.1/drivers/media/video/v4l2-dev.c:268: warning: ISO C90 forbids mixed declarations and code
/work/project/s3c6410/OK6410-A-1G用户光盘（A）20151207/Linux-3.0.1/kernel_sourcecode/linux-3.0.1/drivers/media/video/v4l2-dev.c:273: warning: ISO C90 forbids mixed declarations and code
  CC      drivers/media/video/v4l2-ioctl.o
  CC      drivers/media/video/v4l2-device.o
  CC      drivers/media/video/v4l2-fh.o
  CC      drivers/media/video/v4l2-event.o
  CC      drivers/media/video/v4l2-ctrls.o
  LD      drivers/media/video/videodev.o
  CC      drivers/media/video/v4l2-int-device.o
  CC      drivers/media/video/v4l2-common.o
  CC      drivers/media/video/v4l1-compat.o
  LD      drivers/media/video/davinci/built-in.o
  CC      drivers/media/video/samsung/cmm/s3c_cmm.o
/work/project/s3c6410/OK6410-A-1G用户光盘（A）20151207/Linux-3.0.1/kernel_sourcecode/linux-3.0.1/drivers/media/video/samsung/cmm/s3c_cmm.c:428: warning: initialization from incompatible pointer type
  LD      drivers/media/video/samsung/cmm/built-in.o
  CC      drivers/media/video/samsung/fimc/s3c_fimc_core.o
/work/project/s3c6410/OK6410-A-1G用户光盘（A）20151207/Linux-3.0.1/kernel_sourcecode/linux-3.0.1/drivers/media/video/samsung/fimc/s3c_fimc_core.c: In function 's3c_fimc_register_camera':
/work/project/s3c6410/OK6410-A-1G用户光盘（A）20151207/Linux-3.0.1/kernel_sourcecode/linux-3.0.1/drivers/media/video/samsung/fimc/s3c_fimc_core.c:123: warning: format '%x' expects type 'unsigned int', but argument 2 has type 'struct clk *'
/work/project/s3c6410/OK6410-A-1G用户光盘（A）20151207/Linux-3.0.1/kernel_sourcecode/linux-3.0.1/drivers/media/video/samsung/fimc/s3c_fimc_core.c:132: warning: format '%x' expects type 'unsigned int', but argument 2 has type 'struct i2c_client *'
/work/project/s3c6410/OK6410-A-1G用户光盘（A）20151207/Linux-3.0.1/kernel_sourcecode/linux-3.0.1/drivers/media/video/samsung/fimc/s3c_fimc_core.c: In function 's3c_fimc_init_camera':
/work/project/s3c6410/OK6410-A-1G用户光盘（A）20151207/Linux-3.0.1/kernel_sourcecode/linux-3.0.1/drivers/media/video/samsung/fimc/s3c_fimc_core.c:171: warning: ISO C90 forbids mixed declarations and code
/work/project/s3c6410/OK6410-A-1G用户光盘（A）20151207/Linux-3.0.1/kernel_sourcecode/linux-3.0.1/drivers/media/video/samsung/fimc/s3c_fimc_core.c: In function 's3c_fimc_init_global':
/work/project/s3c6410/OK6410-A-1G用户光盘（A）20151207/Linux-3.0.1/kernel_sourcecode/linux-3.0.1/drivers/media/video/samsung/fimc/s3c_fimc_core.c:471: warning: format '%d' expects type 'int', but argument 2 has type 'struct clk *'
  CC      drivers/media/video/samsung/fimc/s3c_fimc_v4l2.o
/work/project/s3c6410/OK6410-A-1G用户光盘（A）20151207/Linux-3.0.1/kernel_sourcecode/linux-3.0.1/drivers/media/video/samsung/fimc/s3c_fimc_v4l2.c: In function 's3c_fimc_v4l2_s_fmt_vid_cap':
/work/project/s3c6410/OK6410-A-1G用户光盘（A）20151207/Linux-3.0.1/kernel_sourcecode/linux-3.0.1/drivers/media/video/samsung/fimc/s3c_fimc_v4l2.c:224: warning: format '%x' expects type 'unsigned int', but argument 2 has type 'struct file *'
/work/project/s3c6410/OK6410-A-1G用户光盘（A）20151207/Linux-3.0.1/kernel_sourcecode/linux-3.0.1/drivers/media/video/samsung/fimc/s3c_fimc_v4l2.c:224: warning: format '%x' expects type 'unsigned int', but argument 3 has type 'void *'
/work/project/s3c6410/OK6410-A-1G用户光盘（A）20151207/Linux-3.0.1/kernel_sourcecode/linux-3.0.1/drivers/media/video/samsung/fimc/s3c_fimc_v4l2.c:224: warning: format '%x' expects type 'unsigned int', but argument 4 has type 'struct v4l2_format *'
/work/project/s3c6410/OK6410-A-1G用户光盘（A）20151207/Linux-3.0.1/kernel_sourcecode/linux-3.0.1/drivers/media/video/samsung/fimc/s3c_fimc_v4l2.c:226: warning: ISO C90 forbids mixed declarations and code
  CC      drivers/media/video/samsung/fimc/s3c_fimc_cfg.o
  CC      drivers/media/video/samsung/fimc/s3c_fimc3x_regs.o
  CC      drivers/media/video/samsung/fimc/ov965x.o
  LD      drivers/media/video/samsung/fimc/built-in.o
  CC      drivers/media/video/samsung/g2d/s3c_fimg2d2x.o
/work/project/s3c6410/OK6410-A-1G用户光盘（A）20151207/Linux-3.0.1/kernel_sourcecode/linux-3.0.1/drivers/media/video/samsung/g2d/s3c_fimg2d2x.c:458: warning: initialization from incompatible pointer type
  LD      drivers/media/video/samsung/g2d/built-in.o
  CC      drivers/media/video/samsung/g3d/s3c_fimg3d.o
/work/project/s3c6410/OK6410-A-1G用户光盘（A）20151207/Linux-3.0.1/kernel_sourcecode/linux-3.0.1/drivers/media/video/samsung/g3d/s3c_fimg3d.c:508: warning: initialization from incompatible pointer type
  LD      drivers/media/video/samsung/g3d/built-in.o
  CC      drivers/media/video/samsung/jpeg/jpg_mem.o
  CC      drivers/media/video/samsung/jpeg/jpg_misc.o
  CC      drivers/media/video/samsung/jpeg/jpg_opr.o
  CC      drivers/media/video/samsung/jpeg/log_msg.o
  CC      drivers/media/video/samsung/jpeg/s3c-jpeg.o
/work/project/s3c6410/OK6410-A-1G用户光盘（A）20151207/Linux-3.0.1/kernel_sourcecode/linux-3.0.1/drivers/media/video/samsung/jpeg/s3c-jpeg.c:313: warning: initialization from incompatible pointer type
/work/project/s3c6410/OK6410-A-1G用户光盘（A）20151207/Linux-3.0.1/kernel_sourcecode/linux-3.0.1/drivers/media/video/samsung/jpeg/s3c-jpeg.c: In function 's3c_jpeg_probe':
/work/project/s3c6410/OK6410-A-1G用户光盘（A）20151207/Linux-3.0.1/kernel_sourcecode/linux-3.0.1/drivers/media/video/samsung/jpeg/s3c-jpeg.c:390: warning: passing argument 2 of 'request_irq' from incompatible pointer type
/work/project/s3c6410/OK6410-A-1G用户光盘（A）20151207/Linux-3.0.1/kernel_sourcecode/linux-3.0.1/drivers/media/video/samsung/jpeg/s3c-jpeg.c:345: warning: unused variable 'jpg_clk'
/work/project/s3c6410/OK6410-A-1G用户光盘（A）20151207/Linux-3.0.1/kernel_sourcecode/linux-3.0.1/drivers/media/video/samsung/jpeg/s3c-jpeg.c: At top level:
/work/project/s3c6410/OK6410-A-1G用户光盘（A）20151207/Linux-3.0.1/kernel_sourcecode/linux-3.0.1/drivers/media/video/samsung/jpeg/s3c-jpeg.c:57: warning: 'post' defined but not used
  LD      drivers/media/video/samsung/jpeg/built-in.o
  CC      drivers/media/video/samsung/mfc10/prism_s_v137.o
  CC      drivers/media/video/samsung/mfc10/s3c_mfc_bitproc_buf.o
  CC      drivers/media/video/samsung/mfc10/s3c_mfc.o
/work/project/s3c6410/OK6410-A-1G用户光盘（A）20151207/Linux-3.0.1/kernel_sourcecode/linux-3.0.1/drivers/media/video/samsung/mfc10/s3c_mfc.c: In function 's3c_mfc_ioctl':
/work/project/s3c6410/OK6410-A-1G用户光盘（A）20151207/Linux-3.0.1/kernel_sourcecode/linux-3.0.1/drivers/media/video/samsung/mfc10/s3c_mfc.c:277: warning: unused variable 'end'
/work/project/s3c6410/OK6410-A-1G用户光盘（A）20151207/Linux-3.0.1/kernel_sourcecode/linux-3.0.1/drivers/media/video/samsung/mfc10/s3c_mfc.c:275: warning: unused variable 'yuv_buff_cnt'
/work/project/s3c6410/OK6410-A-1G用户光盘（A）20151207/Linux-3.0.1/kernel_sourcecode/linux-3.0.1/drivers/media/video/samsung/mfc10/s3c_mfc.c: At top level:
/work/project/s3c6410/OK6410-A-1G用户光盘（A）20151207/Linux-3.0.1/kernel_sourcecode/linux-3.0.1/drivers/media/video/samsung/mfc10/s3c_mfc.c:660: warning: initialization from incompatible pointer type
/work/project/s3c6410/OK6410-A-1G用户光盘（A）20151207/Linux-3.0.1/kernel_sourcecode/linux-3.0.1/drivers/media/video/samsung/mfc10/s3c_mfc.c: In function 'Phy2Vir_AddMapping':
/work/project/s3c6410/OK6410-A-1G用户光盘（A）20151207/Linux-3.0.1/kernel_sourcecode/linux-3.0.1/drivers/media/video/samsung/mfc10/s3c_mfc.c:687: warning: unused variable 'reserved_mem'
/work/project/s3c6410/OK6410-A-1G用户光盘（A）20151207/Linux-3.0.1/kernel_sourcecode/linux-3.0.1/drivers/media/video/samsung/mfc10/s3c_mfc.c:689: warning: no return statement in function returning non-void
/work/project/s3c6410/OK6410-A-1G用户光盘（A）20151207/Linux-3.0.1/kernel_sourcecode/linux-3.0.1/drivers/media/video/samsung/mfc10/s3c_mfc.c: In function 's3c_mfc_probe':
/work/project/s3c6410/OK6410-A-1G用户光盘（A）20151207/Linux-3.0.1/kernel_sourcecode/linux-3.0.1/drivers/media/video/samsung/mfc10/s3c_mfc.c:734: warning: format '%x' expects type 'unsigned int', but argument 2 has type 'void *'
/work/project/s3c6410/OK6410-A-1G用户光盘（A）20151207/Linux-3.0.1/kernel_sourcecode/linux-3.0.1/drivers/media/video/samsung/mfc10/s3c_mfc.c:695: warning: unused variable 'mfc_clk'
/work/project/s3c6410/OK6410-A-1G用户光盘（A）20151207/Linux-3.0.1/kernel_sourcecode/linux-3.0.1/drivers/media/video/samsung/mfc10/s3c_mfc.c: In function 's3c_mfc_suspend':
/work/project/s3c6410/OK6410-A-1G用户光盘（A）20151207/Linux-3.0.1/kernel_sourcecode/linux-3.0.1/drivers/media/video/samsung/mfc10/s3c_mfc.c:836: warning: assignment makes integer from pointer without a cast
/work/project/s3c6410/OK6410-A-1G用户光盘（A）20151207/Linux-3.0.1/kernel_sourcecode/linux-3.0.1/drivers/media/video/samsung/mfc10/s3c_mfc.c: In function 's3c_mfc_resume':
/work/project/s3c6410/OK6410-A-1G用户光盘（A）20151207/Linux-3.0.1/kernel_sourcecode/linux-3.0.1/drivers/media/video/samsung/mfc10/s3c_mfc.c:913: warning: assignment makes integer from pointer without a cast
/work/project/s3c6410/OK6410-A-1G用户光盘（A）20151207/Linux-3.0.1/kernel_sourcecode/linux-3.0.1/drivers/media/video/samsung/mfc10/s3c_mfc.c: At top level:
/work/project/s3c6410/OK6410-A-1G用户光盘（A）20151207/Linux-3.0.1/kernel_sourcecode/linux-3.0.1/drivers/media/video/samsung/mfc10/s3c_mfc.c:686: warning: 'Phy2Vir_AddMapping' defined but not used
  CC      drivers/media/video/samsung/mfc10/s3c_mfc_databuf.o
  CC      drivers/media/video/samsung/mfc10/s3c_mfc_init_hw.o
  CC      drivers/media/video/samsung/mfc10/s3c_mfc_instance.o
/work/project/s3c6410/OK6410-A-1G用户光盘（A）20151207/Linux-3.0.1/kernel_sourcecode/linux-3.0.1/drivers/media/video/samsung/mfc10/s3c_mfc_instance.c: In function 's3c_mfc_inst_enc':
/work/project/s3c6410/OK6410-A-1G用户光盘（A）20151207/Linux-3.0.1/kernel_sourcecode/linux-3.0.1/drivers/media/video/samsung/mfc10/s3c_mfc_instance.c:965: warning: assignment makes pointer from integer without a cast
/work/project/s3c6410/OK6410-A-1G用户光盘（A）20151207/Linux-3.0.1/kernel_sourcecode/linux-3.0.1/drivers/media/video/samsung/mfc10/s3c_mfc_instance.c:916: warning: unused variable 'end'
  CC      drivers/media/video/samsung/mfc10/s3c_mfc_inst_pool.o
  CC      drivers/media/video/samsung/mfc10/s3c_mfc_set_config.o
/work/project/s3c6410/OK6410-A-1G用户光盘（A）20151207/Linux-3.0.1/kernel_sourcecode/linux-3.0.1/drivers/media/video/samsung/mfc10/s3c_mfc_set_config.c: In function 's3c_mfc_set_config_params':
/work/project/s3c6410/OK6410-A-1G用户光盘（A）20151207/Linux-3.0.1/kernel_sourcecode/linux-3.0.1/drivers/media/video/samsung/mfc10/s3c_mfc_set_config.c:95: warning: unused variable 'end'
  CC      drivers/media/video/samsung/mfc10/s3c_mfc_sfr.o
  CC      drivers/media/video/samsung/mfc10/s3c_mfc_yuv_buf_manager.o
  LD      drivers/media/video/samsung/mfc10/built-in.o
  CC      drivers/media/video/samsung/post/s3c_pp_common.o
  CC      drivers/media/video/samsung/post/s3c_pp_6400.o
/work/project/s3c6410/OK6410-A-1G用户光盘（A）20151207/Linux-3.0.1/kernel_sourcecode/linux-3.0.1/drivers/media/video/samsung/post/s3c_pp_6400.c:1244: warning: initialization from incompatible pointer type
/work/project/s3c6410/OK6410-A-1G用户光盘（A）20151207/Linux-3.0.1/kernel_sourcecode/linux-3.0.1/drivers/media/video/samsung/post/s3c_pp_6400.c: In function 's3c_pp_suspend':
/work/project/s3c6410/OK6410-A-1G用户光盘（A）20151207/Linux-3.0.1/kernel_sourcecode/linux-3.0.1/drivers/media/video/samsung/post/s3c_pp_6400.c:1388: warning: assignment makes integer from pointer without a cast
/work/project/s3c6410/OK6410-A-1G用户光盘（A）20151207/Linux-3.0.1/kernel_sourcecode/linux-3.0.1/drivers/media/video/samsung/post/s3c_pp_6400.c: In function 's3c_pp_resume':
/work/project/s3c6410/OK6410-A-1G用户光盘（A）20151207/Linux-3.0.1/kernel_sourcecode/linux-3.0.1/drivers/media/video/samsung/post/s3c_pp_6400.c:1403: warning: assignment makes integer from pointer without a cast
/work/project/s3c6410/OK6410-A-1G用户光盘（A）20151207/Linux-3.0.1/kernel_sourcecode/linux-3.0.1/drivers/media/video/samsung/post/s3c_pp_6400.c: At top level:
/work/project/s3c6410/OK6410-A-1G用户光盘（A）20151207/Linux-3.0.1/kernel_sourcecode/linux-3.0.1/drivers/media/video/samsung/post/s3c_pp_6400.c:328: warning: 'post_int_disable' defined but not used
/work/project/s3c6410/OK6410-A-1G用户光盘（A）20151207/Linux-3.0.1/kernel_sourcecode/linux-3.0.1/drivers/media/video/samsung/post/s3c_pp_6400.c:364: warning: 's3c_dma_mode' defined but not used
  LD      drivers/media/video/samsung/post/built-in.o
  CC      drivers/media/video/samsung/rotator/s3c_rotator.o
/work/project/s3c6410/OK6410-A-1G用户光盘（A）20151207/Linux-3.0.1/kernel_sourcecode/linux-3.0.1/drivers/media/video/samsung/rotator/s3c_rotator.c:298: warning: initialization from incompatible pointer type
/work/project/s3c6410/OK6410-A-1G用户光盘（A）20151207/Linux-3.0.1/kernel_sourcecode/linux-3.0.1/drivers/media/video/samsung/rotator/s3c_rotator.c:116: warning: 's3c_rotator_disable_int' defined but not used
  LD      drivers/media/video/samsung/rotator/built-in.o
  CC      drivers/media/video/samsung/tv/s3c-tvenc.o
/work/project/s3c6410/OK6410-A-1G用户光盘（A）20151207/Linux-3.0.1/kernel_sourcecode/linux-3.0.1/drivers/media/video/samsung/tv/s3c-tvenc.c: In function 's3c_tvenc_ioctl_v4l2':
/work/project/s3c6410/OK6410-A-1G用户光盘（A）20151207/Linux-3.0.1/kernel_sourcecode/linux-3.0.1/drivers/media/video/samsung/tv/s3c-tvenc.c:1247: warning: passing argument 4 of 'video_usercopy' from incompatible pointer type
/work/project/s3c6410/OK6410-A-1G用户光盘（A）20151207/Linux-3.0.1/kernel_sourcecode/linux-3.0.1/drivers/media/video/samsung/tv/s3c-tvenc.c: At top level:
/work/project/s3c6410/OK6410-A-1G用户光盘（A）20151207/Linux-3.0.1/kernel_sourcecode/linux-3.0.1/drivers/media/video/samsung/tv/s3c-tvenc.c:1291: warning: initialization from incompatible pointer type
  CC      drivers/media/video/samsung/tv/s3c-tvscaler.o
/work/project/s3c6410/OK6410-A-1G用户光盘（A）20151207/Linux-3.0.1/kernel_sourcecode/linux-3.0.1/drivers/media/video/samsung/tv/s3c-tvscaler.c: In function 's3c_tvscaler_config':
/work/project/s3c6410/OK6410-A-1G用户光盘（A）20151207/Linux-3.0.1/kernel_sourcecode/linux-3.0.1/drivers/media/video/samsung/tv/s3c-tvscaler.c:579: warning: unused variable 'loop'
/work/project/s3c6410/OK6410-A-1G用户光盘（A）20151207/Linux-3.0.1/kernel_sourcecode/linux-3.0.1/drivers/media/video/samsung/tv/s3c-tvscaler.c: In function 's3c_tvscaler_probe':
/work/project/s3c6410/OK6410-A-1G用户光盘（A）20151207/Linux-3.0.1/kernel_sourcecode/linux-3.0.1/drivers/media/video/samsung/tv/s3c-tvscaler.c:713: warning: passing argument 2 of 'request_irq' from incompatible pointer type
  LD      drivers/media/video/samsung/tv/built-in.o
  LD      drivers/media/video/samsung/built-in.o
  LD      drivers/media/video/built-in.o
  LD      drivers/media/built-in.o
  LD      drivers/mfd/built-in.o
  LD      drivers/misc/carma/built-in.o
  LD      drivers/misc/cb710/built-in.o
  LD      drivers/misc/eeprom/built-in.o
  LD      drivers/misc/lis3lv02d/built-in.o
  LD      drivers/misc/ti-st/built-in.o
  LD      drivers/misc/built-in.o
  CC      drivers/mmc/card/block.o
  CC      drivers/mmc/card/queue.o
  LD      drivers/mmc/card/mmc_block.o
  LD      drivers/mmc/card/built-in.o
  CC      drivers/mmc/core/core.o
  CC      drivers/mmc/core/bus.o
  CC      drivers/mmc/core/host.o
  CC      drivers/mmc/core/mmc.o
  CC      drivers/mmc/core/mmc_ops.o
  CC      drivers/mmc/core/sd.o
  CC      drivers/mmc/core/sd_ops.o
  CC      drivers/mmc/core/sdio.o
  CC      drivers/mmc/core/sdio_ops.o
  CC      drivers/mmc/core/sdio_bus.o
  CC      drivers/mmc/core/sdio_cis.o
  CC      drivers/mmc/core/sdio_io.o
  CC      drivers/mmc/core/sdio_irq.o
  CC      drivers/mmc/core/quirks.o
  CC      drivers/mmc/core/debugfs.o
  LD      drivers/mmc/core/mmc_core.o
  LD      drivers/mmc/core/built-in.o
  CC      drivers/mmc/host/sdhci.o
  CC      drivers/mmc/host/sdhci-s3c.o
  LD      drivers/mmc/host/built-in.o
  LD      drivers/mmc/built-in.o
  CC      drivers/mtd/mtdcore.o
  CC      drivers/mtd/mtdsuper.o
  CC      drivers/mtd/mtdconcat.o
  CC      drivers/mtd/mtdpart.o
  LD      drivers/mtd/mtd.o
  CC      drivers/mtd/cmdlinepart.o
  CC      drivers/mtd/mtdchar.o
  CC      drivers/mtd/mtd_blkdevs.o
  CC      drivers/mtd/mtdblock.o
  CC      drivers/mtd/chips/chipreg.o
  LD      drivers/mtd/chips/built-in.o
  LD      drivers/mtd/devices/built-in.o
  LD      drivers/mtd/lpddr/built-in.o
  CC      drivers/mtd/maps/map_funcs.o
  LD      drivers/mtd/maps/built-in.o
  CC      drivers/mtd/nand/nand_base.o
  CC      drivers/mtd/nand/nand_bbt.o
  LD      drivers/mtd/nand/nand.o
  CC      drivers/mtd/nand/nand_ecc.o
  CC      drivers/mtd/nand/nand_ids.o
  CC      drivers/mtd/nand/s3c_nand.o
/work/project/s3c6410/OK6410-A-1G用户光盘（A）20151207/Linux-3.0.1/kernel_sourcecode/linux-3.0.1/drivers/mtd/nand/s3c_nand.c: In function 's3c_nand_calculate_ecc':
/work/project/s3c6410/OK6410-A-1G用户光盘（A）20151207/Linux-3.0.1/kernel_sourcecode/linux-3.0.1/drivers/mtd/nand/s3c_nand.c:474: warning: ISO C90 forbids mixed declarations and code
/work/project/s3c6410/OK6410-A-1G用户光盘（A）20151207/Linux-3.0.1/kernel_sourcecode/linux-3.0.1/drivers/mtd/nand/s3c_nand.c: In function 's3c_nand_write_page_8bit':
/work/project/s3c6410/OK6410-A-1G用户光盘（A）20151207/Linux-3.0.1/kernel_sourcecode/linux-3.0.1/drivers/mtd/nand/s3c_nand.c:1057: warning: initialization discards qualifiers from pointer target type
/work/project/s3c6410/OK6410-A-1G用户光盘（A）20151207/Linux-3.0.1/kernel_sourcecode/linux-3.0.1/drivers/mtd/nand/s3c_nand.c: In function 's3c_nand_probe':
/work/project/s3c6410/OK6410-A-1G用户光盘（A）20151207/Linux-3.0.1/kernel_sourcecode/linux-3.0.1/drivers/mtd/nand/s3c_nand.c:1234: warning: ISO C90 forbids mixed declarations and code
/work/project/s3c6410/OK6410-A-1G用户光盘（A）20151207/Linux-3.0.1/kernel_sourcecode/linux-3.0.1/drivers/mtd/nand/s3c_nand.c:1265: warning: assignment from incompatible pointer type
/work/project/s3c6410/OK6410-A-1G用户光盘（A）20151207/Linux-3.0.1/kernel_sourcecode/linux-3.0.1/drivers/mtd/nand/s3c_nand.c:1288: warning: assignment from incompatible pointer type
/work/project/s3c6410/OK6410-A-1G用户光盘（A）20151207/Linux-3.0.1/kernel_sourcecode/linux-3.0.1/drivers/mtd/nand/s3c_nand.c:1317: warning: assignment from incompatible pointer type
/work/project/s3c6410/OK6410-A-1G用户光盘（A）20151207/Linux-3.0.1/kernel_sourcecode/linux-3.0.1/drivers/mtd/nand/s3c_nand.c:1330: warning: assignment from incompatible pointer type
/work/project/s3c6410/OK6410-A-1G用户光盘（A）20151207/Linux-3.0.1/kernel_sourcecode/linux-3.0.1/drivers/mtd/nand/s3c_nand.c:1349: warning: assignment from incompatible pointer type
/work/project/s3c6410/OK6410-A-1G用户光盘（A）20151207/Linux-3.0.1/kernel_sourcecode/linux-3.0.1/drivers/mtd/nand/s3c_nand.c:1360: warning: assignment from incompatible pointer type
/work/project/s3c6410/OK6410-A-1G用户光盘（A）20151207/Linux-3.0.1/kernel_sourcecode/linux-3.0.1/drivers/mtd/nand/s3c_nand.c:1372: warning: assignment from incompatible pointer type
/work/project/s3c6410/OK6410-A-1G用户光盘（A）20151207/Linux-3.0.1/kernel_sourcecode/linux-3.0.1/drivers/mtd/nand/s3c_nand.c:1384: warning: assignment from incompatible pointer type
/work/project/s3c6410/OK6410-A-1G用户光盘（A）20151207/Linux-3.0.1/kernel_sourcecode/linux-3.0.1/drivers/mtd/nand/s3c_nand.c: At top level:
/work/project/s3c6410/OK6410-A-1G用户光盘（A）20151207/Linux-3.0.1/kernel_sourcecode/linux-3.0.1/drivers/mtd/nand/s3c_nand.c:151: warning: 's3c_nand_oob_mlc_128_4bit' defined but not used
  CC      drivers/mtd/nand/plat_nand.o
  LD      drivers/mtd/nand/built-in.o
  LD      drivers/mtd/onenand/built-in.o
  LD      drivers/mtd/tests/built-in.o
  LD      drivers/mtd/built-in.o
  CC      drivers/net/mii.o
  CC      drivers/net/Space.o
  CC      drivers/net/loopback.o
  CC      drivers/net/dm9000.o
  LD      drivers/net/arm/built-in.o
  CC      drivers/net/wireless/libertas/cfg.o
  CC      drivers/net/wireless/libertas/cmd.o
  CC      drivers/net/wireless/libertas/cmdresp.o
  CC      drivers/net/wireless/libertas/debugfs.o
  CC      drivers/net/wireless/libertas/ethtool.o
  CC      drivers/net/wireless/libertas/main.o
  CC      drivers/net/wireless/libertas/rx.o
  CC      drivers/net/wireless/libertas/tx.o
  CC      drivers/net/wireless/libertas/if_sdio.o
  LD      drivers/net/wireless/libertas/libertas.o
  LD      drivers/net/wireless/libertas/libertas_sdio.o
  LD      drivers/net/wireless/libertas/built-in.o
  LD      drivers/net/wireless/built-in.o
  LD      drivers/net/built-in.o
  LD      drivers/nfc/built-in.o
  LD      drivers/platform/built-in.o
  CC      drivers/rtc/rtc-lib.o
  CC      drivers/rtc/hctosys.o
  CC      drivers/rtc/class.o
  CC      drivers/rtc/interface.o
  CC      drivers/rtc/rtc-dev.o
  CC      drivers/rtc/rtc-proc.o
  CC      drivers/rtc/rtc-sysfs.o
  LD      drivers/rtc/rtc-core.o
  CC      drivers/rtc/rtc-s3c.o
/work/project/s3c6410/OK6410-A-1G用户光盘（A）20151207/Linux-3.0.1/kernel_sourcecode/linux-3.0.1/drivers/rtc/rtc-s3c.c:49: warning: 'wake_en' defined but not used
  LD      drivers/rtc/built-in.o
  CC      drivers/spi/spi.o
  CC      drivers/spi/spi_bitbang.o
  CC      drivers/spi/spi_gpio.o
  CC      drivers/spi/spi_s3c64xx.o
  CC      drivers/spi/spidev.o
  LD      drivers/spi/built-in.o
  CC      drivers/tty/tty_io.o
  CC      drivers/tty/n_tty.o
  CC      drivers/tty/tty_ioctl.o
  CC      drivers/tty/tty_ldisc.o
  CC      drivers/tty/tty_buffer.o
  CC      drivers/tty/tty_port.o
  CC      drivers/tty/tty_mutex.o
  CC      drivers/tty/pty.o
  CC      drivers/tty/tty_audit.o
  CC      drivers/tty/sysrq.o
  LD      drivers/tty/ipwireless/built-in.o
  CC      drivers/tty/serial/serial_core.o
  CC      drivers/tty/serial/samsung.o
/work/project/s3c6410/OK6410-A-1G用户光盘（A）20151207/Linux-3.0.1/kernel_sourcecode/linux-3.0.1/drivers/tty/serial/samsung.c: In function 's3c24xx_serial_stop_tx':
/work/project/s3c6410/OK6410-A-1G用户光盘（A）20151207/Linux-3.0.1/kernel_sourcecode/linux-3.0.1/drivers/tty/serial/samsung.c:150: warning: unused variable 'i'
  CC      drivers/tty/serial/s3c6400.o
  LD      drivers/tty/serial/built-in.o
  CC      drivers/tty/vt/vt_ioctl.o
  CC      drivers/tty/vt/vc_screen.o
  CC      drivers/tty/vt/selection.o
  CC      drivers/tty/vt/keyboard.o
  CC      drivers/tty/vt/consolemap.o
  CONMK   drivers/tty/vt/consolemap_deftbl.c
  CC      drivers/tty/vt/consolemap_deftbl.o
  CC      drivers/tty/vt/vt.o
  SHIPPED drivers/tty/vt/defkeymap.c
  CC      drivers/tty/vt/defkeymap.o
  LD      drivers/tty/vt/built-in.o
  LD      drivers/tty/built-in.o
  CC      drivers/video/fb_notify.o
  CC      drivers/video/fbmem.o
  CC      drivers/video/fbmon.o
  CC      drivers/video/fbcmap.o
  CC      drivers/video/fbsysfs.o
  CC      drivers/video/modedb.o
  CC      drivers/video/fbcvt.o
  LD      drivers/video/fb.o
  LD      drivers/video/backlight/built-in.o
  CC      drivers/video/console/dummycon.o
  CC      drivers/video/console/fbcon.o
/work/project/s3c6410/OK6410-A-1G用户光盘（A）20151207/Linux-3.0.1/kernel_sourcecode/linux-3.0.1/drivers/video/console/fbcon.c:152: warning: 'vbl_cursor_cnt' defined but not used
  CC      drivers/video/console/bitblit.o
  CC      drivers/video/console/fonts.o
  CC      drivers/video/console/font_8x8.o
  CC      drivers/video/console/font_8x16.o
  LD      drivers/video/console/font.o
  CC      drivers/video/console/softcursor.o
  LD      drivers/video/console/built-in.o
  LD      drivers/video/display/built-in.o
  LD      drivers/video/omap2/displays/built-in.o
  LD      drivers/video/omap2/built-in.o
  CC      drivers/video/samsung/s3cfb.o
  CC      drivers/video/samsung/s3cfb_spi.o
  CC      drivers/video/samsung/s3cfb_fimd4x.o
  CC      drivers/video/samsung/s3cfb_WXCAT35.o
  CC      drivers/video/samsung/s3cfb_WXCAT43.o
  CC      drivers/video/samsung/s3cfb_AT050.o
  CC      drivers/video/samsung/s3cfb_AT056.o
  CC      drivers/video/samsung/s3cfb_AT070.o
  CC      drivers/video/samsung/s3cfb_AT080.o
  CC      drivers/video/samsung/s3cfb_VGA800.o
  CC      drivers/video/samsung/s3cfb_XGA1024.o
  LD      drivers/video/samsung/built-in.o
  CC      drivers/video/cfbfillrect.o
  CC      drivers/video/cfbcopyarea.o
  CC      drivers/video/cfbimgblt.o
  LD      drivers/video/built-in.o
  CC      drivers/watchdog/s3c2410_wdt.o
  LD      drivers/watchdog/built-in.o
  LD      drivers/built-in.o
  LD      sound/built-in.o
  MK_FW   firmware/sd8686_helper.bin.gen.S
  AS      firmware/sd8686_helper.bin.gen.o
  MK_FW   firmware/sd8686.bin.gen.S
  AS      firmware/sd8686.bin.gen.o
  LD      firmware/built-in.o
  CC      net/socket.o
  LD      net/802/built-in.o
  CC      net/core/sock.o
  CC      net/core/request_sock.o
  CC      net/core/skbuff.o
  CC      net/core/iovec.o
  CC      net/core/datagram.o
  CC      net/core/stream.o
  CC      net/core/scm.o
  CC      net/core/gen_stats.o
  CC      net/core/gen_estimator.o
  CC      net/core/net_namespace.o
  CC      net/core/sysctl_net_core.o
  CC      net/core/dev.o
  CC      net/core/ethtool.o
  CC      net/core/dev_addr_lists.o
  CC      net/core/dst.o
  CC      net/core/netevent.o
  CC      net/core/neighbour.o
  CC      net/core/rtnetlink.o
  CC      net/core/utils.o
  CC      net/core/link_watch.o
  CC      net/core/filter.o
  CC      net/core/net-sysfs.o
  CC      net/core/net-traces.o
  LD      net/core/built-in.o
  CC      net/dns_resolver/dns_key.o
  CC      net/dns_resolver/dns_query.o
  LD      net/dns_resolver/dns_resolver.o
  LD      net/dns_resolver/built-in.o
  CC      net/ethernet/eth.o
  LD      net/ethernet/built-in.o
  CC      net/ipv4/route.o
  CC      net/ipv4/inetpeer.o
  CC      net/ipv4/protocol.o
  CC      net/ipv4/ip_input.o
  CC      net/ipv4/ip_fragment.o
  CC      net/ipv4/ip_forward.o
  CC      net/ipv4/ip_options.o
  CC      net/ipv4/ip_output.o
  CC      net/ipv4/ip_sockglue.o
  CC      net/ipv4/inet_hashtables.o
  CC      net/ipv4/inet_timewait_sock.o
  CC      net/ipv4/inet_connection_sock.o
  CC      net/ipv4/tcp.o
  CC      net/ipv4/tcp_input.o
  CC      net/ipv4/tcp_output.o
  CC      net/ipv4/tcp_timer.o
  CC      net/ipv4/tcp_ipv4.o
  CC      net/ipv4/tcp_minisocks.o
  CC      net/ipv4/tcp_cong.o
  CC      net/ipv4/datagram.o
  CC      net/ipv4/raw.o
  CC      net/ipv4/udp.o
  CC      net/ipv4/udplite.o
  CC      net/ipv4/arp.o
  CC      net/ipv4/icmp.o
  CC      net/ipv4/devinet.o
  CC      net/ipv4/af_inet.o
  CC      net/ipv4/igmp.o
  CC      net/ipv4/fib_frontend.o
  CC      net/ipv4/fib_semantics.o
  CC      net/ipv4/fib_trie.o
  CC      net/ipv4/inet_fragment.o
  CC      net/ipv4/ping.o
  CC      net/ipv4/sysctl_net_ipv4.o
  CC      net/ipv4/proc.o
  CC      net/ipv4/inet_lro.o
  CC      net/ipv4/ipconfig.o
  CC      net/ipv4/inet_diag.o
  CC      net/ipv4/tcp_diag.o
  CC      net/ipv4/tcp_cubic.o
  LD      net/ipv4/built-in.o
  CC      net/ipv6/addrconf_core.o
  CC      net/ipv6/exthdrs_core.o
  LD      net/ipv6/built-in.o
  CC      net/mac80211/main.o
  CC      net/mac80211/status.o
  CC      net/mac80211/sta_info.o
  CC      net/mac80211/wep.o
  CC      net/mac80211/wpa.o
  CC      net/mac80211/scan.o
  CC      net/mac80211/offchannel.o
  CC      net/mac80211/ht.o
  CC      net/mac80211/agg-tx.o
  CC      net/mac80211/agg-rx.o
  CC      net/mac80211/ibss.o
  CC      net/mac80211/mlme.o
  CC      net/mac80211/work.o
  CC      net/mac80211/iface.o
  CC      net/mac80211/rate.o
  CC      net/mac80211/michael.o
  CC      net/mac80211/tkip.o
  CC      net/mac80211/aes_ccm.o
  CC      net/mac80211/aes_cmac.o
  CC      net/mac80211/cfg.o
  CC      net/mac80211/rx.o
  CC      net/mac80211/spectmgmt.o
  CC      net/mac80211/tx.o
  CC      net/mac80211/key.o
  CC      net/mac80211/util.o
/work/project/s3c6410/OK6410-A-1G用户光盘（A）20151207/Linux-3.0.1/kernel_sourcecode/linux-3.0.1/net/mac80211/util.c: In function 'ieee80211_reconfig':
/work/project/s3c6410/OK6410-A-1G用户光盘（A）20151207/Linux-3.0.1/kernel_sourcecode/linux-3.0.1/net/mac80211/util.c:1279: warning: label 'wake_up' defined but not used
  CC      net/mac80211/wme.o
  CC      net/mac80211/event.o
  CC      net/mac80211/chan.o
  CC      net/mac80211/led.o
  CC      net/mac80211/rc80211_minstrel.o
  CC      net/mac80211/rc80211_minstrel_ht.o
  LD      net/mac80211/mac80211.o
  LD      net/mac80211/built-in.o
  CC      net/netlink/af_netlink.o
  CC      net/netlink/genetlink.o
  LD      net/netlink/built-in.o
  CC      net/packet/af_packet.o
  LD      net/packet/built-in.o
  CC      net/sched/sch_generic.o
  CC      net/sched/sch_mq.o
  LD      net/sched/built-in.o
  CC      net/unix/af_unix.o
  CC      net/unix/garbage.o
  CC      net/unix/sysctl_net_unix.o
  LD      net/unix/unix.o
  LD      net/unix/built-in.o
  CC      net/wireless/core.o
  CC      net/wireless/sysfs.o
  CC      net/wireless/radiotap.o
  CC      net/wireless/util.o
  CC      net/wireless/reg.o
  CC      net/wireless/scan.o
  CC      net/wireless/nl80211.o
  CC      net/wireless/mlme.o
  CC      net/wireless/ibss.o
  CC      net/wireless/sme.o
  CC      net/wireless/chan.o
  CC      net/wireless/ethtool.o
  CC      net/wireless/mesh.o
  CC      net/wireless/wext-compat.o
  CC      net/wireless/wext-sme.o
  LD      net/wireless/cfg80211.o
  CC      net/wireless/lib80211.o
  CC      net/wireless/wext-core.o
  CC      net/wireless/wext-proc.o
  CC      net/wireless/wext-spy.o
  LD      net/wireless/built-in.o
  CC      net/sysctl_net.o
  LD      net/built-in.o
  LD      arch/arm/lib/built-in.o
  AS      arch/arm/lib/ashldi3.o
  AS      arch/arm/lib/ashrdi3.o
  AS      arch/arm/lib/backtrace.o
  AS      arch/arm/lib/changebit.o
  AS      arch/arm/lib/clear_user.o
  AS      arch/arm/lib/clearbit.o
  AS      arch/arm/lib/copy_from_user.o
  AS      arch/arm/lib/copy_page.o
  AS      arch/arm/lib/copy_to_user.o
  AS      arch/arm/lib/csumipv6.o
  AS      arch/arm/lib/csumpartial.o
  AS      arch/arm/lib/csumpartialcopy.o
  AS      arch/arm/lib/csumpartialcopyuser.o
  AS      arch/arm/lib/delay.o
  AS      arch/arm/lib/div64.o
  AS      arch/arm/lib/findbit.o
  AS      arch/arm/lib/getuser.o
  AS      arch/arm/lib/io-readsb.o
  AS      arch/arm/lib/io-readsl.o
  AS      arch/arm/lib/io-readsw-armv4.o
  AS      arch/arm/lib/io-writesb.o
  AS      arch/arm/lib/io-writesl.o
  AS      arch/arm/lib/io-writesw-armv4.o
  AS      arch/arm/lib/lib1funcs.o
  AS      arch/arm/lib/lshrdi3.o
  AS      arch/arm/lib/memchr.o
  AS      arch/arm/lib/memcpy.o
  AS      arch/arm/lib/memmove.o
  AS      arch/arm/lib/memset.o
  AS      arch/arm/lib/memzero.o
  AS      arch/arm/lib/muldi3.o
  AS      arch/arm/lib/putuser.o
  AS      arch/arm/lib/setbit.o
  AS      arch/arm/lib/sha1.o
  AS      arch/arm/lib/strchr.o
  AS      arch/arm/lib/strncpy_from_user.o
  AS      arch/arm/lib/strnlen_user.o
  AS      arch/arm/lib/strrchr.o
  AS      arch/arm/lib/testchangebit.o
  AS      arch/arm/lib/testclearbit.o
  AS      arch/arm/lib/testsetbit.o
  AS      arch/arm/lib/ucmpdi2.o
  AR      arch/arm/lib/lib.a
  CC      lib/bcd.o
  CC      lib/div64.o
  CC      lib/sort.o
  CC      lib/parser.o
  CC      lib/halfmd4.o
  CC      lib/debug_locks.o
  CC      lib/random32.o
  CC      lib/bust_spinlocks.o
  CC      lib/hexdump.o
  CC      lib/kasprintf.o
  CC      lib/bitmap.o
  CC      lib/scatterlist.o
  CC      lib/string_helpers.o
  CC      lib/gcd.o
  CC      lib/lcm.o
  CC      lib/list_sort.o
  CC      lib/uuid.o
  CC      lib/flex_array.o
  CC      lib/bsearch.o
  CC      lib/find_last_bit.o
  CC      lib/kstrtox.o
  CC      lib/iomap_copy.o
  CC      lib/devres.o
  CC      lib/hweight.o
  CC      lib/bitrev.o
  CC      lib/crc-ccitt.o
  CC      lib/crc16.o
  CC      lib/crc-t10dif.o
  CC      lib/crc-itu-t.o
  HOSTCC  lib/gen_crc32table
  GEN     lib/crc32table.h
  CC      lib/crc32.o
  CC      lib/libcrc32c.o
  CC      lib/lzo/lzo1x_decompress.o
  LD      lib/lzo/lzo_decompress.o
  LD      lib/lzo/built-in.o
  CC      lib/xz/xz_dec_syms.o
  CC      lib/xz/xz_dec_stream.o
  CC      lib/xz/xz_dec_lzma2.o
  CC      lib/xz/xz_dec_bcj.o
  LD      lib/xz/xz_dec.o
  LD      lib/xz/built-in.o
  CC      lib/zlib_inflate/inffast.o
  CC      lib/zlib_inflate/inflate.o
  CC      lib/zlib_inflate/infutil.o
  CC      lib/zlib_inflate/inftrees.o
  CC      lib/zlib_inflate/inflate_syms.o
  LD      lib/zlib_inflate/zlib_inflate.o
  LD      lib/zlib_inflate/built-in.o
  CC      lib/audit.o
  CC      lib/nlattr.o
  CC      lib/atomic64.o
  CC      lib/average.o
  LD      lib/built-in.o
  CC      lib/argv_split.o
  CC      lib/cmdline.o
  CC      lib/ctype.o
  CC      lib/dec_and_lock.o
  CC      lib/decompress.o
  CC      lib/decompress_bunzip2.o
  CC      lib/decompress_inflate.o
  CC      lib/decompress_unlzma.o
  CC      lib/decompress_unlzo.o
  CC      lib/decompress_unxz.o
  CC      lib/dump_stack.o
  CC      lib/extable.o
  CC      lib/find_next_bit.o
  CC      lib/idr.o
  CC      lib/int_sqrt.o
  CC      lib/ioremap.o
  CC      lib/irq_regs.o
  CC      lib/is_single_threaded.o
  CC      lib/klist.o
  CC      lib/kobject.o
  CC      lib/kobject_uevent.o
  CC      lib/kref.o
  CC      lib/plist.o
  CC      lib/prio_heap.o
  CC      lib/prio_tree.o
  CC      lib/proportions.o
  CC      lib/radix-tree.o
  CC      lib/ratelimit.o
  CC      lib/rbtree.o
  CC      lib/reciprocal_div.o
  CC      lib/rwsem-spinlock.o
  CC      lib/sha1.o
  CC      lib/show_mem.o
  CC      lib/string.o
  CC      lib/timerqueue.o
  CC      lib/vsprintf.o
  AR      lib/lib.a
  LD      vmlinux.o
  MODPOST vmlinux.o
WARNING: modpost: Found 2 section mismatch(es).
To see full details build your kernel with:
'make CONFIG_DEBUG_SECTION_MISMATCH=y'
  GEN     .version
  CHK     include/generated/compile.h
  UPD     include/generated/compile.h
  CC      init/version.o
  LD      init/built-in.o
  LD      .tmp_vmlinux1
  KSYM    .tmp_kallsyms1.S
  AS      .tmp_kallsyms1.o
  LD      .tmp_vmlinux2
  KSYM    .tmp_kallsyms2.S
  AS      .tmp_kallsyms2.o
  LD      vmlinux
  SYSMAP  System.map
  SYSMAP  .tmp_System.map
  OBJCOPY arch/arm/boot/Image
  Kernel: arch/arm/boot/Image is ready
  AS      arch/arm/boot/compressed/head.o
  GZIP    arch/arm/boot/compressed/piggy.gzip
  AS      arch/arm/boot/compressed/piggy.gzip.o
  CC      arch/arm/boot/compressed/misc.o
  CC      arch/arm/boot/compressed/decompress.o
  SHIPPED arch/arm/boot/compressed/lib1funcs.S
  AS      arch/arm/boot/compressed/lib1funcs.o
  LD      arch/arm/boot/compressed/vmlinux
  OBJCOPY arch/arm/boot/zImage
  Kernel: arch/arm/boot/zImage is ready
